// Jest Snapshot v1, https://goo.gl/fbAQLP

exports[`debe de mostrarse correctamente con valores por defecto 1`] = `
{
  "asFragment": [Function],
  "baseElement": <body>
    <div>
      <h1>
        Search
      </h1>
      <hr />
      <div
        class="row"
      >
        <div
          class="col-5"
        >
          <h4>
            Searching
          </h4>
          <form
            aria-label="form"
          >
            <input
              autocomplete="off"
              class="form-control"
              name="searchText"
              placeholder="Search a hero"
              type="text"
              value=""
            />
            <button
              class="btn btn-outline-primary mt-1"
            >
              Search
            </button>
          </form>
        </div>
        <div
          class="col-7"
        >
          <h4>
            Results
          </h4>
          <hr />
          <div
            aria-label="showSearch-div"
            class="alert alert-primary"
          >
            Search a hero
          </div>
          <div
            aria-label="showError-div"
            class="alert alert-danger"
            style="display: none;"
          >
            No hero with 
            <b>
              '
              '
            </b>
          </div>
        </div>
      </div>
    </div>
  </body>,
  "container": <div>
    <h1>
      Search
    </h1>
    <hr />
    <div
      class="row"
    >
      <div
        class="col-5"
      >
        <h4>
          Searching
        </h4>
        <form
          aria-label="form"
        >
          <input
            autocomplete="off"
            class="form-control"
            name="searchText"
            placeholder="Search a hero"
            type="text"
            value=""
          />
          <button
            class="btn btn-outline-primary mt-1"
          >
            Search
          </button>
        </form>
      </div>
      <div
        class="col-7"
      >
        <h4>
          Results
        </h4>
        <hr />
        <div
          aria-label="showSearch-div"
          class="alert alert-primary"
        >
          Search a hero
        </div>
        <div
          aria-label="showError-div"
          class="alert alert-danger"
          style="display: none;"
        >
          No hero with 
          <b>
            '
            '
          </b>
        </div>
      </div>
    </div>
  </div>,
  "debug": [Function],
  "findAllByAltText": [Function],
  "findAllByDisplayValue": [Function],
  "findAllByLabelText": [Function],
  "findAllByPlaceholderText": [Function],
  "findAllByRole": [Function],
  "findAllByTestId": [Function],
  "findAllByText": [Function],
  "findAllByTitle": [Function],
  "findByAltText": [Function],
  "findByDisplayValue": [Function],
  "findByLabelText": [Function],
  "findByPlaceholderText": [Function],
  "findByRole": [Function],
  "findByTestId": [Function],
  "findByText": [Function],
  "findByTitle": [Function],
  "getAllByAltText": [Function],
  "getAllByDisplayValue": [Function],
  "getAllByLabelText": [Function],
  "getAllByPlaceholderText": [Function],
  "getAllByRole": [Function],
  "getAllByTestId": [Function],
  "getAllByText": [Function],
  "getAllByTitle": [Function],
  "getByAltText": [Function],
  "getByDisplayValue": [Function],
  "getByLabelText": [Function],
  "getByPlaceholderText": [Function],
  "getByRole": [Function],
  "getByTestId": [Function],
  "getByText": [Function],
  "getByTitle": [Function],
  "queryAllByAltText": [Function],
  "queryAllByDisplayValue": [Function],
  "queryAllByLabelText": [Function],
  "queryAllByPlaceholderText": [Function],
  "queryAllByRole": [Function],
  "queryAllByTestId": [Function],
  "queryAllByText": [Function],
  "queryAllByTitle": [Function],
  "queryByAltText": [Function],
  "queryByDisplayValue": [Function],
  "queryByLabelText": [Function],
  "queryByPlaceholderText": [Function],
  "queryByRole": [Function],
  "queryByTestId": [Function],
  "queryByText": [Function],
  "queryByTitle": [Function],
  "rerender": [Function],
  "unmount": [Function],
}
`;
